../Utilities/lcd/stm32_lcd.c:166:6:UTIL_LCD_SetFuncDriver	16	static
../Utilities/lcd/stm32_lcd.c:191:6:UTIL_LCD_SetLayer	16	static
../Utilities/lcd/stm32_lcd.c:206:6:UTIL_LCD_SetDevice	16	static
../Utilities/lcd/stm32_lcd.c:217:6:UTIL_LCD_SetTextColor	16	static
../Utilities/lcd/stm32_lcd.c:226:10:UTIL_LCD_GetTextColor	4	static
../Utilities/lcd/stm32_lcd.c:235:6:UTIL_LCD_SetBackColor	16	static
../Utilities/lcd/stm32_lcd.c:244:10:UTIL_LCD_GetBackColor	4	static
../Utilities/lcd/stm32_lcd.c:253:6:UTIL_LCD_SetFont	16	static
../Utilities/lcd/stm32_lcd.c:262:8:UTIL_LCD_GetFont	4	static
../Utilities/lcd/stm32_lcd.c:274:6:UTIL_LCD_FillRGBRect	40	static
../Utilities/lcd/stm32_lcd.c:287:6:UTIL_LCD_DrawHLine	40	static
../Utilities/lcd/stm32_lcd.c:307:6:UTIL_LCD_DrawVLine	40	static
../Utilities/lcd/stm32_lcd.c:326:6:UTIL_LCD_GetPixel	24	static
../Utilities/lcd/stm32_lcd.c:342:6:UTIL_LCD_SetPixel	24	static
../Utilities/lcd/stm32_lcd.c:359:6:UTIL_LCD_Clear	24	static
../Utilities/lcd/stm32_lcd.c:369:6:UTIL_LCD_ClearStringLine	32	static
../Utilities/lcd/stm32_lcd.c:382:6:UTIL_LCD_DisplayChar	24	static
../Utilities/lcd/stm32_lcd.c:399:6:UTIL_LCD_DisplayStringAt	48	static
../Utilities/lcd/stm32_lcd.c:460:6:UTIL_LCD_DisplayStringAtLine	16	static
../Utilities/lcd/stm32_lcd.c:473:6:UTIL_LCD_DrawLine	64	static
../Utilities/lcd/stm32_lcd.c:552:6:UTIL_LCD_DrawRect	24	static
../Utilities/lcd/stm32_lcd.c:570:6:UTIL_LCD_DrawCircle	40	static
../Utilities/lcd/stm32_lcd.c:649:6:UTIL_LCD_DrawPolygon	48	static
../Utilities/lcd/stm32_lcd.c:677:6:UTIL_LCD_DrawEllipse	56	static
../Utilities/lcd/stm32_lcd.c:713:6:UTIL_LCD_DrawBitmap	32	static
../Utilities/lcd/stm32_lcd.c:726:6:UTIL_LCD_FillRect	40	static
../Utilities/lcd/stm32_lcd.c:746:6:UTIL_LCD_FillCircle	40	static
../Utilities/lcd/stm32_lcd.c:807:6:UTIL_LCD_FillPolygon	88	static
../Utilities/lcd/stm32_lcd.c:911:6:UTIL_LCD_FillEllipse	56	static
../Utilities/lcd/stm32_lcd.c:943:13:DrawChar	208	static
../Utilities/lcd/stm32_lcd.c:1016:13:FillTriangle	72	static
../Core/Src/main.c:75:5:main	8	static
../Core/Src/main.c:145:13:SystemClock_Config	128	static
../Core/Src/main.c:225:13:Display_DemoDescription	88	static
../Core/Src/main.c:267:9:CheckForUserInput	4	static
../Core/Src/main.c:276:6:BSP_PB_Callback	16	static
../Core/Src/main.c:289:6:Error_Handler	8	static
../Core/Src/main.c:325:13:MPU_Config	24	static
../Core/Src/main.c:357:13:CPU_CACHE_Enable	24	static,ignoring_inline_asm
