../Core/Src/stm32h7xx_hal_msp.c:64:6:HAL_MspInit	16	static
../Core/Src/stm32h7xx_hal_msp.c:85:6:HAL_ADC_MspInit	56	static
../Core/Src/stm32h7xx_hal_msp.c:153:6:HAL_ADC_MspDeInit	16	static
../Core/Src/stm32h7xx_hal_msp.c:199:6:HAL_CRC_MspInit	24	static
../Core/Src/stm32h7xx_hal_msp.c:221:6:HAL_CRC_MspDeInit	16	static
../Core/Src/stm32h7xx_hal_msp.c:243:6:HAL_DMA2D_MspInit	24	static
../Core/Src/stm32h7xx_hal_msp.c:265:6:HAL_DMA2D_MspDeInit	16	static
../Core/Src/stm32h7xx_hal_msp.c:287:6:HAL_ETH_MspInit	80	static
../Core/Src/stm32h7xx_hal_msp.c:389:6:HAL_ETH_MspDeInit	16	static
../Core/Src/stm32h7xx_hal_msp.c:450:6:HAL_FDCAN_MspInit	248	static
../Core/Src/stm32h7xx_hal_msp.c:537:6:HAL_FDCAN_MspDeInit	16	static
../Core/Src/stm32h7xx_hal_msp.c:590:6:HAL_LTDC_MspInit	256	static
../Core/Src/stm32h7xx_hal_msp.c:699:6:HAL_LTDC_MspDeInit	16	static
../Core/Src/stm32h7xx_hal_msp.c:765:6:HAL_QSPI_MspInit	248	static
../Core/Src/stm32h7xx_hal_msp.c:839:6:HAL_QSPI_MspDeInit	16	static
../Core/Src/stm32h7xx_hal_msp.c:876:6:HAL_RTC_MspInit	208	static
../Core/Src/stm32h7xx_hal_msp.c:909:6:HAL_RTC_MspDeInit	16	static
../Core/Src/stm32h7xx_hal_msp.c:931:6:HAL_MMC_MspInit	248	static
../Core/Src/stm32h7xx_hal_msp.c:1003:6:HAL_MMC_MspDeInit	16	static
../Core/Src/stm32h7xx_hal_msp.c:1045:6:HAL_SPI_MspInit	248	static
../Core/Src/stm32h7xx_hal_msp.c:1117:6:HAL_SPI_MspDeInit	16	static
../Core/Src/stm32h7xx_hal_msp.c:1152:6:HAL_UART_MspInit	240	static
../Core/Src/stm32h7xx_hal_msp.c:1199:6:HAL_UART_MspDeInit	16	static
../Core/Src/stm32h7xx_hal_msp.c:1228:6:HAL_PCD_MspInit	240	static
../Core/Src/stm32h7xx_hal_msp.c:1284:6:HAL_PCD_MspDeInit	16	static
../Core/Src/stm32h7xx_hal_msp.c:1310:13:HAL_FMC_MspInit	232	static
../Core/Src/stm32h7xx_hal_msp.c:1419:6:HAL_SDRAM_MspInit	16	static
../Core/Src/stm32h7xx_hal_msp.c:1431:13:HAL_FMC_MspDeInit	8	static
../Core/Src/stm32h7xx_hal_msp.c:1503:6:HAL_SDRAM_MspDeInit	16	static
../Core/Src/stm32h7xx_hal_msp.c:1515:6:HAL_SAI_MspInit	240	static
../Core/Src/stm32h7xx_hal_msp.c:1586:6:HAL_SAI_MspDeInit	16	static
