../USB_Device/Target/usbd_conf.c:73:6:HAL_PCD_MspInit	104	static
../USB_Device/Target/usbd_conf.c:107:6:HAL_PCD_MspDeInit	16	static
../USB_Device/Target/usbd_conf.c:135:6:HAL_PCD_SetupStageCallback	16	static
../USB_Device/Target/usbd_conf.c:156:6:HAL_PCD_DataOutStageCallback	16	static
../USB_Device/Target/usbd_conf.c:177:6:HAL_PCD_DataInStageCallback	16	static
../USB_Device/Target/usbd_conf.c:197:6:HAL_PCD_SOFCallback	16	static
../USB_Device/Target/usbd_conf.c:217:6:HAL_PCD_ResetCallback	24	static
../USB_Device/Target/usbd_conf.c:248:6:HAL_PCD_SuspendCallback	16	static
../USB_Device/Target/usbd_conf.c:278:6:HAL_PCD_ResumeCallback	16	static
../USB_Device/Target/usbd_conf.c:309:6:HAL_PCD_ISOOUTIncompleteCallback	16	static
../USB_Device/Target/usbd_conf.c:330:6:HAL_PCD_ISOINIncompleteCallback	16	static
../USB_Device/Target/usbd_conf.c:350:6:HAL_PCD_ConnectCallback	16	static
../USB_Device/Target/usbd_conf.c:370:6:HAL_PCD_DisconnectCallback	16	static
../USB_Device/Target/usbd_conf.c:395:20:USBD_LL_Init	16	static
../USB_Device/Target/usbd_conf.c:460:20:USBD_LL_DeInit	24	static
../USB_Device/Target/usbd_conf.c:477:20:USBD_LL_Start	24	static
../USB_Device/Target/usbd_conf.c:494:20:USBD_LL_Stop	24	static
../USB_Device/Target/usbd_conf.c:514:20:USBD_LL_OpenEP	24	static
../USB_Device/Target/usbd_conf.c:532:20:USBD_LL_CloseEP	24	static
../USB_Device/Target/usbd_conf.c:550:20:USBD_LL_FlushEP	24	static
../USB_Device/Target/usbd_conf.c:568:20:USBD_LL_StallEP	24	static
../USB_Device/Target/usbd_conf.c:586:20:USBD_LL_ClearStallEP	24	static
../USB_Device/Target/usbd_conf.c:604:9:USBD_LL_IsStallEP	24	static
../USB_Device/Target/usbd_conf.c:624:20:USBD_LL_SetUSBAddress	24	static
../USB_Device/Target/usbd_conf.c:644:20:USBD_LL_Transmit	32	static
../USB_Device/Target/usbd_conf.c:664:20:USBD_LL_PrepareReceive	32	static
../USB_Device/Target/usbd_conf.c:682:10:USBD_LL_GetRxDataSize	16	static
../USB_Device/Target/usbd_conf.c:696:6:HAL_PCDEx_LPM_Callback	16	static
../USB_Device/Target/usbd_conf.c:732:6:USBD_LL_Delay	16	static
../USB_Device/Target/usbd_conf.c:742:7:USBD_static_malloc	16	static
../USB_Device/Target/usbd_conf.c:753:6:USBD_static_free	16	static
../USB_Device/Target/usbd_conf.c:764:13:SystemClockConfig_Resume	8	static
../USB_Device/Target/usbd_conf.c:775:20:USBD_Get_USB_Status	24	static
