../Core/Src/main.c:82:6:UserPixelSetFunction	24	static
../Core/Src/main.c:88:11:_HW_FillFrame_	40	static
../Core/Src/main.c:142:6:initFA	16	static
../Core/Src/main.c:153:6:initFR	16	static
../Core/Src/main.c:160:6:writeToFA	24	static
../Core/Src/main.c:175:5:collisions	24	static
../Core/Src/main.c:198:5:pseudoRandom	32	static
../Core/Src/main.c:212:5:isButtonPressed	32	static
../Core/Src/main.c:228:5:handleButtons	8	static
../Core/Src/main.c:239:5:handleJoystick	8	static
../Core/Src/main.c:256:6:DrawStartScreen	8	static
../Core/Src/main.c:271:6:DrawGameOverScreen	24	static
../Core/Src/main.c:289:5:toggle	16	static
../Core/Src/main.c:304:5:main	200	static
../Core/Src/main.c:488:6:SystemClock_Config	88	static
../Core/Src/main.c:538:6:Error_Handler	4	static,ignoring_inline_asm
